// Jest Snapshot v1, https://goo.gl/fbAQLP

exports[`DataSourceService should throw for non existent organization id 1`] = `"Invalid organization id"`;
