// Jest Snapshot v1, https://goo.gl/fbAQLP

exports[`HandlerService should throw on invalid job configuration 1`] = `"handler not found for job"`;
